node 17 0.5 0 2		
node 18 0.5 1 0.5 
node 119 0.5 2 0.5 
node 20 0.5 3 0.5 
